// Jest Snapshot v1, https://goo.gl/fbAQLP

exports[`ContribsChart component renders a form.ContribsChart by default 1`] = `
<section
  id="contributionChart"
>
  <HorizontalBar
    data={
      Object {
        "datasets": Array [
          Object {
            "backgroundColor": Array [
              "rgba(75, 192, 192, 0.2)",
              "rgba(255, 99, 132, 0.2)",
            ],
            "borderColor": Array [
              "rgba(75, 192, 192, 1)",
              "rgba(255, 99, 132, 1)",
            ],
            "borderWidth": 1,
            "data": Array [
              NaN,
              NaN,
            ],
            "label": "Dollars ($)",
          },
        ],
        "labels": Array [
          "Total Donations",
          " Total Spent",
        ],
      }
    }
    options={
      Object {
        "legend": Object {
          "display": false,
        },
        "scales": Object {
          "xAxes": Array [
            Object {
              "ticks": Object {
                "beginAtZero": true,
                "fontSize": 14,
                "userCallback": [Function],
              },
            },
          ],
        },
        "title": Object {
          "display": true,
          "fontColor": "#000000",
          "fontFamily": "'Open Sans', 'Source Sans Pro', 'Lato', sans-serif",
          "fontSize": 25,
          "padding": 20,
          "text": "Total Contributions in the Last Cycle",
        },
        "tooltips": Object {
          "callbacks": Object {
            "label": [Function],
          },
        },
      }
    }
  />
</section>
`;
