// Jest Snapshot v1, https://goo.gl/fbAQLP

exports[`RegistrationRoute component renders a form.RegistrationRoute by default 1`] = `
<section
  className="createFormDiv"
  id="createForm"
>
  <h2
    className="title"
  >
    Create a user profile, allowing you to check in on your elected officials. Contact them, see who contributes to their campaigns, and stay up-to-date on local goings-on.
  </h2>
  <div
    className="form-wrapper"
  >
    <h3
      className="subtitle"
    >
      Sign up and stay informed
    </h3>
    <RegistrationForm
      onRegistrationSuccess={[Function]}
    />
  </div>
</section>
`;
